::1 - - [06/Aug/2026 14:47:47] "GET / HTTP/1.1" 200 -
::1 - - [06/Aug/2026 14:48:03] "GET / HTTP/1.1" 200 -
::1 - - [06/Aug/2026 14:48:03] "GET /styles.css?v=ink-universe-1 HTTP/1.1" 200 -
::1 - - [06/Aug/2026 14:48:03] "GET /src/app.mjs?v=universe-map-3 HTTP/1.1" 200 -
::1 - - [06/Aug/2026 14:48:03] "GET /src/realm-switch.mjs?v=universe-map-3 HTTP/1.1" 200 -
::1 - - [06/Aug/2026 14:48:03] "GET /src/record-content.mjs?v=universe-map-3 HTTP/1.1" 200 -
::1 - - [06/Aug/2026 14:48:03] "GET /src/reading-overlay.mjs?v=universe-map-3 HTTP/1.1" 200 -
::1 - - [06/Aug/2026 14:48:03] "GET /src/star-layout.mjs?v=3d-scene-25 HTTP/1.1" 200 -
::1 - - [06/Aug/2026 14:48:03] "GET /src/intro-controller.mjs?v=universe-map-3 HTTP/1.1" 200 -
::1 - - [06/Aug/2026 14:48:03] "GET /src/star-field.mjs?v=3d-scene-25 HTTP/1.1" 200 -
::1 - - [06/Aug/2026 14:48:03] "GET /src/exploration-hint.mjs?v=universe-map-3 HTTP/1.1" 200 -
::1 - - [06/Aug/2026 14:48:03] "GET /src/record-content.mjs HTTP/1.1" 200 -
::1 - - [06/Aug/2026 14:48:03] "GET /src/universe/input-router.mjs HTTP/1.1" 200 -
::1 - - [06/Aug/2026 14:48:03] "GET /src/universe/ink-world.mjs HTTP/1.1" 200 -
::1 - - [06/Aug/2026 14:48:03] "GET /src/universe/quality-controller.mjs HTTP/1.1" 200 -
::1 - - [06/Aug/2026 14:48:03] "GET /src/universe/flight-model.mjs HTTP/1.1" 200 -
::1 - - [06/Aug/2026 14:48:03] "GET /src/universe/frame-monitor.mjs HTTP/1.1" 200 -
::1 - - [06/Aug/2026 14:48:03] "GET /src/universe/runtime.mjs HTTP/1.1" 200 -
::1 - - [06/Aug/2026 14:48:03] "GET /src/universe/world-constants.mjs HTTP/1.1" 200 -
::1 - - [06/Aug/2026 14:48:03] "GET /src/universe/quality-profiles.mjs HTTP/1.1" 200 -
::1 - - [06/Aug/2026 14:48:03] "GET /src/universe/ink-panorama.mjs HTTP/1.1" 200 -
::1 - - [06/Aug/2026 14:48:03] "GET /src/universe/capability-guard.mjs HTTP/1.1" 200 -
::1 - - [06/Aug/2026 14:48:03] "GET /src/universe/ink-color-grade.mjs HTTP/1.1" 200 -
::1 - - [06/Aug/2026 14:48:03] "GET /src/universe/content-beacons.mjs HTTP/1.1" 200 -
::1 - - [06/Aug/2026 14:48:03] "GET /src/universe/orientation.mjs HTTP/1.1" 200 -
::1 - - [06/Aug/2026 14:48:03] "GET /src/universe/experience-state.mjs HTTP/1.1" 200 -
::1 - - [06/Aug/2026 14:48:03] "GET /content/records/index.json HTTP/1.1" 200 -
::1 - - [06/Aug/2026 14:48:03] "GET /content/records/2026-06-15-test-signal.md HTTP/1.1" 200 -
::1 - - [06/Aug/2026 14:48:03] "GET /content/records/2025-01-01-test-memory.md HTTP/1.1" 200 -
::1 - - [06/Aug/2026 14:48:03] "GET /content/records/2024-01-01-test-origin.md HTTP/1.1" 200 -
::1 - - [06/Aug/2026 14:48:03] "GET /assets/three.module.js HTTP/1.1" 200 -
::1 - - [06/Aug/2026 14:48:03] "GET /assets/images/ink-universe-panorama-v1-high.png HTTP/1.1" 200 -
::1 - - [06/Aug/2026 14:52:00] "GET / HTTP/1.1" 200 -
::1 - - [06/Aug/2026 14:54:57] "GET / HTTP/1.1" 200 -
::1 - - [06/Aug/2026 14:55:15] "GET / HTTP/1.1" 200 -
::1 - - [06/Aug/2026 14:55:15] "GET /styles.css?v=ink-universe-1 HTTP/1.1" 200 -
::1 - - [06/Aug/2026 14:55:15] "GET /src/app.mjs?v=universe-map-3 HTTP/1.1" 200 -
::1 - - [06/Aug/2026 14:55:15] "GET /src/record-content.mjs?v=universe-map-3 HTTP/1.1" 200 -
::1 - - [06/Aug/2026 14:55:15] "GET /src/intro-controller.mjs?v=universe-map-3 HTTP/1.1" 200 -
::1 - - [06/Aug/2026 14:55:15] "GET /src/reading-overlay.mjs?v=universe-map-3 HTTP/1.1" 200 -
::1 - - [06/Aug/2026 14:55:15] "GET /src/star-field.mjs?v=3d-scene-25 HTTP/1.1" 200 -
::1 - - [06/Aug/2026 14:55:15] "GET /src/realm-switch.mjs?v=universe-map-3 HTTP/1.1" 200 -
::1 - - [06/Aug/2026 14:55:15] "GET /src/star-layout.mjs?v=3d-scene-25 HTTP/1.1" 200 -
::1 - - [06/Aug/2026 14:55:15] "GET /src/exploration-hint.mjs?v=universe-map-3 HTTP/1.1" 200 -
::1 - - [06/Aug/2026 14:55:15] "GET /src/universe/input-router.mjs HTTP/1.1" 200 -
::1 - - [06/Aug/2026 14:55:15] "GET /src/universe/quality-controller.mjs HTTP/1.1" 200 -
::1 - - [06/Aug/2026 14:55:15] "GET /src/universe/ink-world.mjs HTTP/1.1" 200 -
::1 - - [06/Aug/2026 14:55:15] "GET /src/universe/flight-model.mjs HTTP/1.1" 200 -
::1 - - [06/Aug/2026 14:55:15] "GET /src/universe/runtime.mjs HTTP/1.1" 200 -
::1 - - [06/Aug/2026 14:55:15] "GET /src/universe/frame-monitor.mjs HTTP/1.1" 200 -
::1 - - [06/Aug/2026 14:55:15] "GET /src/universe/world-constants.mjs HTTP/1.1" 200 -
::1 - - [06/Aug/2026 14:55:15] "GET /src/universe/content-beacons.mjs HTTP/1.1" 200 -
::1 - - [06/Aug/2026 14:55:15] "GET /src/universe/ink-color-grade.mjs HTTP/1.1" 200 -
::1 - - [06/Aug/2026 14:55:15] "GET /src/universe/ink-panorama.mjs HTTP/1.1" 200 -
::1 - - [06/Aug/2026 14:55:15] "GET /src/record-content.mjs HTTP/1.1" 200 -
::1 - - [06/Aug/2026 14:55:15] "GET /src/universe/capability-guard.mjs HTTP/1.1" 200 -
::1 - - [06/Aug/2026 14:55:15] "GET /src/universe/quality-profiles.mjs HTTP/1.1" 200 -
::1 - - [06/Aug/2026 14:55:15] "GET /src/universe/orientation.mjs HTTP/1.1" 200 -
::1 - - [06/Aug/2026 14:55:15] "GET /src/universe/experience-state.mjs HTTP/1.1" 200 -
::1 - - [06/Aug/2026 14:55:15] "GET /content/records/index.json HTTP/1.1" 200 -
::1 - - [06/Aug/2026 14:55:15] "GET /content/records/2026-06-15-test-signal.md HTTP/1.1" 200 -
::1 - - [06/Aug/2026 14:55:15] "GET /content/records/2025-01-01-test-memory.md HTTP/1.1" 200 -
::1 - - [06/Aug/2026 14:55:15] "GET /content/records/2024-01-01-test-origin.md HTTP/1.1" 200 -
::1 - - [06/Aug/2026 14:55:15] "GET /assets/three.module.js HTTP/1.1" 200 -
::1 - - [06/Aug/2026 14:55:15] "GET /assets/images/ink-universe-panorama-v1-high.png HTTP/1.1" 200 -
